// Jest Snapshot v1, https://goo.gl/fbAQLP

exports[`Board should render correctly and match with snapshot 1`] = `
<div
  className="makeStyles-board-1 MuiBox-root css-0"
/>
`;
